[debug] [2025-08-11T07:48:36.459Z] ----------------------------------------------------------------------
[debug] [2025-08-11T07:48:36.461Z] Command:       /home/nitesh-kumar/.nvm/versions/node/v20.19.4/bin/node /usr/local/bin/firebase init hosting
[debug] [2025-08-11T07:48:36.461Z] CLI Version:   14.11.2
[debug] [2025-08-11T07:48:36.461Z] Platform:      linux
[debug] [2025-08-11T07:48:36.461Z] Node Version:  v20.19.4
[debug] [2025-08-11T07:48:36.461Z] Time:          Mon Aug 11 2025 13:18:36 GMT+0530 (India Standard Time)
[debug] [2025-08-11T07:48:36.462Z] ----------------------------------------------------------------------
[debug] 
[debug] [2025-08-11T07:48:36.465Z] > command requires scopes: ["email","openid","https://www.googleapis.com/auth/cloudplatformprojects.readonly","https://www.googleapis.com/auth/firebase","https://www.googleapis.com/auth/cloud-platform"]
[debug] [2025-08-11T07:48:36.466Z] > authorizing via signed-in user (nitesh.kumar@sutara.org)
[info] 
     ######## #### ########  ######## ########     ###     ######  ########
     ##        ##  ##     ## ##       ##     ##  ##   ##  ##       ##
     ######    ##  ########  ######   ########  #########  ######  ######
     ##        ##  ##    ##  ##       ##     ## ##     ##       ## ##
     ##       #### ##     ## ######## ########  ##     ##  ######  ########

You're about to initialize a Firebase project in this directory:

  /home/nitesh-kumar/Documents/GitHub/curious-learning-assests

[info] 
=== Project Setup
[info] 
[info] First, let's associate this project directory with a Firebase project.
[info] You can create multiple project aliases by running firebase use --add, 
[info] but for now we'll just set up a default project.
[info] 
[debug] [2025-08-11T07:48:41.841Z] ExitPromptError: User force closed the prompt with SIGINT
    at Interface.sigint (/usr/local/lib/node_modules/firebase-tools/node_modules/@inquirer/core/dist/commonjs/lib/create-prompt.js:101:37)
    at Interface.emit (node:events:524:28)
    at Interface.emit (node:domain:489:12)
    at [_ttyWrite] [as _ttyWrite] (node:internal/readline/interface:1125:18)
    at ReadStream.onkeypress (node:internal/readline/interface:264:20)
    at ReadStream.emit (node:events:536:35)
    at ReadStream.emit (node:domain:489:12)
    at emitKeys (node:internal/readline/utils:371:14)
    at emitKeys.next (<anonymous>)
    at ReadStream.onData (node:internal/readline/emitKeypressEvents:64:36)
[error] 
[error] Error: An unexpected error has occurred.
